// Jest Snapshot v1, https://goo.gl/fbAQLP

exports[`Input should render an <Input /> 1`] = `
<input
  onBlur={[MockFunction]}
  onChange={[MockFunction]}
  onFocus={[MockFunction]}
  onKeyDown={[MockFunction]}
  style={
    Object {
      "all": "revert",
      "borderColor": "#ddd",
      "borderStyle": "solid",
      "borderWidth": 1,
      "boxSizing": "border-box",
      "fontSize": 24,
      "height": 50,
      "lineHeight": "24px",
      "outline": 0,
      "paddingLeft": 15,
      "paddingRight": 15,
      "width": "100%",
    }
  }
  type="text"
/>
`;

exports[`Input should render an <Input /> with a placeholder 1`] = `
<input
  onBlur={[MockFunction]}
  onChange={[MockFunction]}
  onFocus={[MockFunction]}
  onKeyDown={[MockFunction]}
  placeholder="this is a test"
  style={
    Object {
      "all": "revert",
      "borderColor": "#ddd",
      "borderStyle": "solid",
      "borderWidth": 1,
      "boxSizing": "border-box",
      "fontSize": 24,
      "height": 50,
      "lineHeight": "24px",
      "outline": 0,
      "paddingLeft": 15,
      "paddingRight": 15,
      "width": "100%",
    }
  }
  type="text"
/>
`;

exports[`Input should render an <Input /> with a specified size 1`] = `
<input
  onBlur={[MockFunction]}
  onChange={[MockFunction]}
  onFocus={[MockFunction]}
  onKeyDown={[MockFunction]}
  style={
    Object {
      "all": "revert",
      "borderColor": "#ddd",
      "borderStyle": "solid",
      "borderWidth": 1,
      "boxSizing": "border-box",
      "fontSize": 24,
      "height": 150,
      "lineHeight": "24px",
      "outline": 0,
      "paddingLeft": 15,
      "paddingRight": 15,
      "width": 200,
    }
  }
  type="text"
/>
`;
